// Jest Snapshot v1, https://goo.gl/fbAQLP

exports[`should render lines correctly 1`] = `
<div
  className="sc-1hs1toa-1 dXlBMd"
  height={10}
>
  <div
    className="sc-1hs1toa-0 ekigly"
    style={
      Object {
        "left": "10%",
        "width": "10%",
      }
    }
  />
  <div
    className="sc-1hs1toa-0 ekigly"
    style={
      Object {
        "left": "30%",
        "width": "70%",
      }
    }
  />
</div>
`;
